
*** Running vivado
    with args -log blk_mem_gen_2.vds -m64 -product Vivado -mode batch -messageDb vivado.pb -notrace -source blk_mem_gen_2.tcl



****** Vivado v2024.1 (64-bit)
  **** SW Build 5076996 on Wed May 22 18:37:14 MDT 2024
  **** IP Build 5075265 on Wed May 22 21:45:21 MDT 2024
  **** SharedData Build 5076995 on Wed May 22 18:29:18 MDT 2024
  **** Start of session at: Fri Sep 12 22:21:05 2025
    ** Copyright 1986-2022 Xilinx, Inc. All Rights Reserved.
    ** Copyright 2022-2024 Advanced Micro Devices, Inc. All Rights Reserved.

source blk_mem_gen_2.tcl -notrace
CRITICAL WARNING: [Common 17-1355] You are suppressing all messages of type 'WARNING'. You may potentially disregard important DRC, CDC, and implementation messages that can negatively impact your design.  If this is not desired, please run 'reset_msg_config -suppress -severity {WARNING}' to undo this change.
CRITICAL WARNING: [Common 17-1355] You are suppressing all messages of type 'CRITICAL WARNING'. You may potentially disregard important DRC, CDC, and implementation messages that can negatively impact your design.  If this is not desired, please run 'reset_msg_config -suppress -severity {CRITICAL WARNING}' to undo this change.
create_project: Time (s): cpu = 00:00:12 ; elapsed = 00:00:13 . Memory (MB): peak = 495.996 ; gain = 200.457
---------------------------------------------------------------------------------
Starting RTL Elaboration : Time (s): cpu = 00:00:16 ; elapsed = 00:00:17 . Memory (MB): peak = 1385.266 ; gain = 448.660
---------------------------------------------------------------------------------
---------------------------------------------------------------------------------
Finished RTL Elaboration : Time (s): cpu = 00:00:47 ; elapsed = 00:01:49 . Memory (MB): peak = 1830.852 ; gain = 894.246
---------------------------------------------------------------------------------
Finished Handling Custom Attributes : Time (s): cpu = 00:00:47 ; elapsed = 00:01:49 . Memory (MB): peak = 1830.852 ; gain = 894.246
Finished RTL Optimization Phase 1 : Time (s): cpu = 00:00:47 ; elapsed = 00:01:49 . Memory (MB): peak = 1830.852 ; gain = 894.246
Netlist sorting complete. Time (s): cpu = 00:00:00 ; elapsed = 00:00:00.066 . Memory (MB): peak = 1830.852 ; gain = 0.000
Netlist sorting complete. Time (s): cpu = 00:00:00 ; elapsed = 00:00:00.001 . Memory (MB): peak = 1830.852 ; gain = 0.000
Constraint Validation Runtime : Time (s): cpu = 00:00:00 ; elapsed = 00:00:00.167 . Memory (MB): peak = 1830.852 ; gain = 0.000
Finished Constraint Validation : Time (s): cpu = 00:01:06 ; elapsed = 00:02:09 . Memory (MB): peak = 1830.852 ; gain = 894.246
Finished Loading Part and Timing Information : Time (s): cpu = 00:01:06 ; elapsed = 00:02:09 . Memory (MB): peak = 1830.852 ; gain = 894.246
Applied set_property KEEP_HIERARCHY = SOFT for U0. (constraint file  C:/Users/user/Desktop/svpwm_2/SVPWM/svpwm/svpwm/svpwm.runs/blk_mem_gen_2_synth_1/dont_touch.xdc, line 9).
Finished applying 'set_property' XDC Constraints : Time (s): cpu = 00:01:06 ; elapsed = 00:02:09 . Memory (MB): peak = 1830.852 ; gain = 894.246
Finished RTL Optimization Phase 2 : Time (s): cpu = 00:01:07 ; elapsed = 00:02:10 . Memory (MB): peak = 1830.852 ; gain = 894.246
Finished Cross Boundary and Area Optimization : Time (s): cpu = 00:01:12 ; elapsed = 00:02:15 . Memory (MB): peak = 1830.852 ; gain = 894.246
Finished Applying XDC Timing Constraints : Time (s): cpu = 00:01:28 ; elapsed = 00:02:31 . Memory (MB): peak = 1830.852 ; gain = 894.246
Finished Timing Optimization : Time (s): cpu = 00:01:28 ; elapsed = 00:02:32 . Memory (MB): peak = 1830.852 ; gain = 894.246
Finished Technology Mapping : Time (s): cpu = 00:01:28 ; elapsed = 00:02:32 . Memory (MB): peak = 1830.852 ; gain = 894.246
Finished IO Insertion : Time (s): cpu = 00:01:37 ; elapsed = 00:02:41 . Memory (MB): peak = 1830.852 ; gain = 894.246
Finished Renaming Generated Instances : Time (s): cpu = 00:01:37 ; elapsed = 00:02:41 . Memory (MB): peak = 1830.852 ; gain = 894.246
Finished Rebuilding User Hierarchy : Time (s): cpu = 00:01:37 ; elapsed = 00:02:41 . Memory (MB): peak = 1830.852 ; gain = 894.246
Finished Renaming Generated Ports : Time (s): cpu = 00:01:37 ; elapsed = 00:02:41 . Memory (MB): peak = 1830.852 ; gain = 894.246
Finished Handling Custom Attributes : Time (s): cpu = 00:01:37 ; elapsed = 00:02:41 . Memory (MB): peak = 1830.852 ; gain = 894.246
Finished Renaming Generated Nets : Time (s): cpu = 00:01:37 ; elapsed = 00:02:41 . Memory (MB): peak = 1830.852 ; gain = 894.246

Report Cell Usage: 
+------+---------+------+
|      |Cell     |Count |
+------+---------+------+
|1     |LUT2     |     1|
|2     |LUT3     |     1|
|3     |LUT4     |     2|
|4     |LUT5     |    24|
|5     |LUT6     |    28|
|6     |RAMB18E1 |     3|
|9     |RAMB36E1 |    17|
|22    |FDRE     |    10|
+------+---------+------+
Finished Writing Synthesis Report : Time (s): cpu = 00:01:37 ; elapsed = 00:02:41 . Memory (MB): peak = 1830.852 ; gain = 894.246
Netlist sorting complete. Time (s): cpu = 00:00:00 ; elapsed = 00:00:00.018 . Memory (MB): peak = 1830.852 ; gain = 0.000
Netlist sorting complete. Time (s): cpu = 00:00:00 ; elapsed = 00:00:00.001 . Memory (MB): peak = 1830.852 ; gain = 0.000
synth_design: Time (s): cpu = 00:01:48 ; elapsed = 00:02:54 . Memory (MB): peak = 1830.852 ; gain = 1320.160
