
*** Running vivado
    with args -log design_1_top_0_1.vds -m64 -product Vivado -mode batch -messageDb vivado.pb -notrace -source design_1_top_0_1.tcl



****** Vivado v2024.1 (64-bit)
  **** SW Build 5076996 on Wed May 22 18:37:14 MDT 2024
  **** IP Build 5075265 on Wed May 22 21:45:21 MDT 2024
  **** SharedData Build 5076995 on Wed May 22 18:29:18 MDT 2024
  **** Start of session at: Mon Oct 27 20:51:21 2025
    ** Copyright 1986-2022 Xilinx, Inc. All Rights Reserved.
    ** Copyright 2022-2024 Advanced Micro Devices, Inc. All Rights Reserved.

source design_1_top_0_1.tcl -notrace
CRITICAL WARNING: [Common 17-1355] You are suppressing all messages of type 'WARNING'. You may potentially disregard important DRC, CDC, and implementation messages that can negatively impact your design.  If this is not desired, please run 'reset_msg_config -suppress -severity {WARNING}' to undo this change.
CRITICAL WARNING: [Common 17-1355] You are suppressing all messages of type 'CRITICAL WARNING'. You may potentially disregard important DRC, CDC, and implementation messages that can negatively impact your design.  If this is not desired, please run 'reset_msg_config -suppress -severity {CRITICAL WARNING}' to undo this change.
create_project: Time (s): cpu = 00:00:10 ; elapsed = 00:00:11 . Memory (MB): peak = 493.086 ; gain = 198.449
---------------------------------------------------------------------------------
Starting Synthesize : Time (s): cpu = 00:00:09 ; elapsed = 00:00:10 . Memory (MB): peak = 962.750 ; gain = 449.914
---------------------------------------------------------------------------------
---------------------------------------------------------------------------------
Finished Synthesize : Time (s): cpu = 00:00:14 ; elapsed = 00:00:15 . Memory (MB): peak = 1094.043 ; gain = 581.207
---------------------------------------------------------------------------------
Finished Constraint Validation : Time (s): cpu = 00:00:15 ; elapsed = 00:00:16 . Memory (MB): peak = 1094.043 ; gain = 581.207
Finished Loading Part and Timing Information : Time (s): cpu = 00:00:15 ; elapsed = 00:00:16 . Memory (MB): peak = 1094.043 ; gain = 581.207
Finished RTL Optimization Phase 2 : Time (s): cpu = 00:00:19 ; elapsed = 00:00:18 . Memory (MB): peak = 1094.043 ; gain = 581.207
No constraint files found.
No constraint files found.
Finished Cross Boundary and Area Optimization : Time (s): cpu = 00:00:50 ; elapsed = 00:00:51 . Memory (MB): peak = 1613.199 ; gain = 1100.363
---------------------------------------------------------------------------------
Start ROM, RAM, DSP, Shift Register and Retiming Reporting
---------------------------------------------------------------------------------

DSP: Preliminary Mapping Report (see note below. The ' indicates corresponding REG is set)
+-------------------------+-------------------------+--------+--------+--------+--------+--------+------+------+------+------+-------+------+------+
|Module Name              | DSP Mapping             | A Size | B Size | C Size | D Size | P Size | AREG | BREG | CREG | DREG | ADREG | MREG | PREG | 
+-------------------------+-------------------------+--------+--------+--------+--------+--------+------+------+------+------+-------+------+------+
|vector_processor         | (A:0x14edb)*B2          | 18     | 17     | -      | -      | 48     | 0    | 1    | -    | -    | -     | 0    | 0    | 
|vector_processor         | (PCIN>>17)+A2*B         | 17     | 9      | -      | -      | 48     | 1    | 0    | -    | -    | -     | 0    | 1    | 
|vector_processor         | A2*(B:0x14edb)          | 18     | 18     | -      | -      | 48     | 1    | 0    | -    | -    | -     | 0    | 0    | 
|vector_processor         | (PCIN>>17)+A2*B         | 18     | 9      | -      | -      | 48     | 1    | 0    | -    | -    | -     | 0    | 1    | 
|switching_time_processor | A*B                     | 18     | 15     | -      | -      | 48     | 0    | 0    | -    | -    | -     | 0    | 0    | 
|switching_time_processor | (PCIN>>17)+A*B          | 15     | 15     | -      | -      | 30     | 0    | 0    | -    | -    | -     | 0    | 0    | 
|switching_time_processor | A*B                     | 18     | 18     | -      | -      | 48     | 0    | 0    | -    | -    | -     | 0    | 0    | 
|switching_time_processor | (PCIN>>17)+A*B          | 18     | 15     | -      | -      | 47     | 0    | 0    | -    | -    | -     | 0    | 0    | 
|transistor_driver        | (A:0x18400)*B           | 18     | 15     | -      | -      | 48     | 0    | 0    | -    | -    | -     | 0    | 0    | 
|transistor_driver        | (PCIN>>17)+A*(B:0xbeb)  | 15     | 13     | -      | -      | 28     | 0    | 0    | -    | -    | -     | 0    | 0    | 
|transistor_driver        | A*(B:0x18400)           | 18     | 18     | -      | -      | 48     | 0    | 0    | -    | -    | -     | 0    | 0    | 
|transistor_driver        | (PCIN>>17)+A*(B:0xbeb)  | 18     | 13     | -      | -      | 45     | 0    | 0    | -    | -    | -     | 0    | 0    | 
|transistor_driver        | (A:0x18400)*B           | 18     | 15     | -      | -      | 48     | 0    | 0    | -    | -    | -     | 0    | 0    | 
|transistor_driver        | (PCIN>>17)+A*(B:0xbeb)  | 15     | 13     | -      | -      | 28     | 0    | 0    | -    | -    | -     | 0    | 0    | 
|transistor_driver        | A*(B:0x18400)           | 18     | 18     | -      | -      | 48     | 0    | 0    | -    | -    | -     | 0    | 0    | 
|transistor_driver        | (PCIN>>17)+A*(B:0xbeb)  | 18     | 13     | -      | -      | 45     | 0    | 0    | -    | -    | -     | 0    | 0    | 
|transistor_driver        | (A:0x18400)*B           | 18     | 15     | -      | -      | 48     | 0    | 0    | -    | -    | -     | 0    | 0    | 
|transistor_driver        | (PCIN>>17)+A*(B:0xbeb)  | 15     | 13     | -      | -      | 28     | 0    | 0    | -    | -    | -     | 0    | 0    | 
|transistor_driver        | A*(B:0x18400)           | 18     | 18     | -      | -      | 48     | 0    | 0    | -    | -    | -     | 0    | 0    | 
|transistor_driver        | (PCIN>>17)+A*(B:0xbeb)  | 18     | 13     | -      | -      | 45     | 0    | 0    | -    | -    | -     | 0    | 0    | 
|transistor_driver        | (A:0x18400)*B           | 18     | 15     | -      | -      | 48     | 0    | 0    | -    | -    | -     | 0    | 0    | 
|transistor_driver        | (PCIN>>17)+A*(B:0xbeb)  | 15     | 13     | -      | -      | 28     | 0    | 0    | -    | -    | -     | 0    | 0    | 
|transistor_driver        | A*(B:0x18400)           | 18     | 18     | -      | -      | 48     | 0    | 0    | -    | -    | -     | 0    | 0    | 
|transistor_driver        | (PCIN>>17)+A*(B:0xbeb)  | 18     | 13     | -      | -      | 45     | 0    | 0    | -    | -    | -     | 0    | 0    | 
|clarke_transform         | (A*(B:0x2aad))'         | 16     | 15     | -      | -      | 31     | 0    | 0    | -    | -    | -     | 1    | 0    | 
|clarke_transform         | (A*(B:0x1555))'         | 16     | 14     | -      | -      | 30     | 0    | 0    | -    | -    | -     | 1    | 0    | 
|clarke_transform         | (A*(B:0x1555))'         | 16     | 14     | -      | -      | 30     | 0    | 0    | -    | -    | -     | 1    | 0    | 
|clarke_transform         | (PCIN-A:B-C)'           | 12     | 18     | 30     | -      | -1     | 0    | 0    | 0    | -    | -     | 0    | 1    | 
|clarke_transform         | (A*(B:0x24f5))'         | 16     | 15     | -      | -      | 31     | 0    | 0    | -    | -    | -     | 1    | 0    | 
|clarke_transform         | (PCIN-(A*(B:0x24f5))')' | 16     | 15     | -      | -      | 32     | 0    | 0    | -    | -    | -     | 1    | 1    | 
+-------------------------+-------------------------+--------+--------+--------+--------+--------+------+------+------+------+-------+------+------+

Note: The table above is a preliminary report that shows the DSPs inferred at the current stage of the synthesis flow. Some DSP may be reimplemented as non DSP primitives later in the synthesis flow. Multiple instantiated DSPs are reported only once.
---------------------------------------------------------------------------------
Finished ROM, RAM, DSP, Shift Register and Retiming Reporting
---------------------------------------------------------------------------------
No constraint files found.
Finished Timing Optimization : Time (s): cpu = 00:00:51 ; elapsed = 00:00:52 . Memory (MB): peak = 1613.199 ; gain = 1100.363
Finished Technology Mapping : Time (s): cpu = 00:00:53 ; elapsed = 00:00:54 . Memory (MB): peak = 1613.199 ; gain = 1100.363
Finished IO Insertion : Time (s): cpu = 00:01:01 ; elapsed = 00:01:02 . Memory (MB): peak = 1613.199 ; gain = 1100.363
Finished Renaming Generated Instances : Time (s): cpu = 00:01:01 ; elapsed = 00:01:02 . Memory (MB): peak = 1613.199 ; gain = 1100.363
Finished Rebuilding User Hierarchy : Time (s): cpu = 00:01:02 ; elapsed = 00:01:03 . Memory (MB): peak = 1613.199 ; gain = 1100.363
Finished Renaming Generated Ports : Time (s): cpu = 00:01:02 ; elapsed = 00:01:03 . Memory (MB): peak = 1613.199 ; gain = 1100.363
Finished Handling Custom Attributes : Time (s): cpu = 00:01:02 ; elapsed = 00:01:03 . Memory (MB): peak = 1613.199 ; gain = 1100.363
Finished Renaming Generated Nets : Time (s): cpu = 00:01:02 ; elapsed = 00:01:03 . Memory (MB): peak = 1613.199 ; gain = 1100.363

Report Cell Usage: 
+------+--------+------+
|      |Cell    |Count |
+------+--------+------+
|1     |CARRY4  |  1147|
|2     |DSP48E1 |    30|
|3     |LUT1    |   718|
|4     |LUT2    |  1984|
|5     |LUT3    |  2027|
|6     |LUT4    |   245|
|7     |LUT5    |   246|
|8     |LUT6    |   233|
|9     |SRL16E  |    51|
|10    |SRLC32E |     3|
|11    |FDCE    |  1419|
|12    |FDPE    |     4|
|13    |FDRE    |  2575|
|14    |FDSE    |     1|
+------+--------+------+
Finished Writing Synthesis Report : Time (s): cpu = 00:01:02 ; elapsed = 00:01:03 . Memory (MB): peak = 1613.199 ; gain = 1100.363
Netlist sorting complete. Time (s): cpu = 00:00:00 ; elapsed = 00:00:00.185 . Memory (MB): peak = 1613.199 ; gain = 0.000
Netlist sorting complete. Time (s): cpu = 00:00:00 ; elapsed = 00:00:00.002 . Memory (MB): peak = 1613.199 ; gain = 0.000
synth_design: Time (s): cpu = 00:01:08 ; elapsed = 00:01:09 . Memory (MB): peak = 1613.199 ; gain = 1105.344
Write ShapeDB Complete: Time (s): cpu = 00:00:00 ; elapsed = 00:00:00.053 . Memory (MB): peak = 1762.770 ; gain = 0.102
write_checkpoint: Time (s): cpu = 00:00:17 ; elapsed = 00:00:17 . Memory (MB): peak = 1762.770 ; gain = 149.570
