Copyright 1986-2022 Xilinx, Inc. All Rights Reserved. Copyright 2022-2024 Advanced Micro Devices, Inc. All Rights Reserved.
---------------------------------------------------------------------------------------------------------------------------------------------
| Tool Version : Vivado v.2024.1 (win64) Build 5076996 Wed May 22 18:37:14 MDT 2024
| Date         : Mon Oct 27 21:08:07 2025
| Host         : DESKTOP-CNIMS8K running 64-bit major release  (build 9200)
| Command      : report_control_sets -verbose -file design_1_wrapper_control_sets_placed.rpt
| Design       : design_1_wrapper
| Device       : xc7z020
---------------------------------------------------------------------------------------------------------------------------------------------

Control Set Information

Table of Contents
-----------------
1. Summary
2. Histogram
3. Flip-Flop Distribution
4. Detailed Control Set Information

1. Summary
----------

+----------------------------------------------------------+-------+
|                          Status                          | Count |
+----------------------------------------------------------+-------+
| Total control sets                                       |    16 |
|    Minimum number of control sets                        |    16 |
|    Addition due to synthesis replication                 |     0 |
|    Addition due to physical synthesis replication        |     0 |
| Unused register locations in slices containing registers |    24 |
+----------------------------------------------------------+-------+
* Control sets can be merged at opt_design using control_set_merge or merge_equivalent_drivers
** Run report_qor_suggestions for automated merging and remapping suggestions


2. Histogram
------------

+--------------------+-------+
|       Fanout       | Count |
+--------------------+-------+
| Total control sets |    16 |
| >= 0 to < 4        |     0 |
| >= 4 to < 6        |     0 |
| >= 6 to < 8        |     1 |
| >= 8 to < 10       |     0 |
| >= 10 to < 12      |     1 |
| >= 12 to < 14      |     0 |
| >= 14 to < 16      |     0 |
| >= 16              |    14 |
+--------------------+-------+
* Control sets can be remapped at either synth_design or opt_design


3. Flip-Flop Distribution
-------------------------

+--------------+-----------------------+------------------------+-----------------+--------------+
| Clock Enable | Synchronous Set/Reset | Asynchronous Set/Reset | Total Registers | Total Slices |
+--------------+-----------------------+------------------------+-----------------+--------------+
| No           | No                    | No                     |              71 |           30 |
| No           | No                    | Yes                    |            1376 |          378 |
| No           | Yes                   | No                     |            1889 |          516 |
| Yes          | No                    | No                     |             150 |           65 |
| Yes          | No                    | Yes                    |              48 |           17 |
| Yes          | Yes                   | No                     |             466 |          146 |
+--------------+-----------------------+------------------------+-----------------+--------------+


4. Detailed Control Set Information
-----------------------------------

+-------------------------------------------------+--------------------------------------------------------------------+---------------------------------------------------------------------+------------------+----------------+--------------+
|                   Clock Signal                  |                            Enable Signal                           |                           Set/Reset Signal                          | Slice Load Count | Bel Load Count | Bels / Slice |
+-------------------------------------------------+--------------------------------------------------------------------+---------------------------------------------------------------------+------------------+----------------+--------------+
|  design_1_i/processing_system7_0/inst/FCLK_CLK0 | design_1_i/top_0/inst/spi_master/clk_toggles0                      | design_1_i/top_0/inst/spi_master/clk_toggles[6]_i_1_n_0             |                2 |              7 |         3.50 |
|  design_1_i/processing_system7_0/inst/FCLK_CLK0 | design_1_i/top_0/inst/inst_svpwm/time_processor_inst/E[0]          | design_1_i/top_0/inst/index[10]_i_1_n_0                             |                4 |             11 |         2.75 |
|  design_1_i/processing_system7_0/inst/FCLK_CLK0 | design_1_i/top_0/inst/inst_svpwm/driver_inst/HB3/duty_cycle_latch0 |                                                                     |                9 |             16 |         1.78 |
|  design_1_i/processing_system7_0/inst/FCLK_CLK0 | design_1_i/top_0/inst/inst_svpwm/driver_inst/HB1/duty_cycle_latch0 |                                                                     |                9 |             16 |         1.78 |
|  design_1_i/processing_system7_0/inst/FCLK_CLK0 | design_1_i/top_0/inst/inst_svpwm/driver_inst/HB2/duty_cycle_latch0 |                                                                     |               10 |             16 |         1.60 |
|  design_1_i/processing_system7_0/inst/FCLK_CLK0 | design_1_i/top_0/inst/spi_master/count0                            | design_1_i/top_0/inst/spi_master/count[31]_i_1_n_0                  |                8 |             29 |         3.62 |
|  design_1_i/processing_system7_0/inst/FCLK_CLK0 | design_1_i/top_0/inst/inst_svpwm/vector_proc_inst/state_reg[0]     | reset_IBUF                                                          |                8 |             32 |         4.00 |
|  design_1_i/processing_system7_0/inst/FCLK_CLK0 | design_1_i/top_0/inst/spi_master/rx_buffer0                        |                                                                     |               16 |             48 |         3.00 |
|  design_1_i/processing_system7_0/inst/FCLK_CLK0 | design_1_i/top_0/inst/spi_master/rx_data[47]_i_1_n_0               | reset_IBUF                                                          |               17 |             48 |         2.82 |
|  design_1_i/processing_system7_0/inst/FCLK_CLK0 | design_1_i/top_0/inst/inst_svpwm/time_processor_inst/E[0]          |                                                                     |               21 |             54 |         2.57 |
|  design_1_i/processing_system7_0/inst/FCLK_CLK0 |                                                                    | design_1_i/top_0/inst/inst_svpwm/vector_proc_inst/angle[31]_i_1_n_0 |               24 |             64 |         2.67 |
|  design_1_i/processing_system7_0/inst/FCLK_CLK0 | design_1_i/top_0/inst/inst_svpwm/vector_proc_inst/angle1           | reset_IBUF                                                          |               18 |             67 |         3.72 |
|  design_1_i/processing_system7_0/inst/FCLK_CLK0 |                                                                    |                                                                     |               30 |            125 |         4.17 |
|  design_1_i/processing_system7_0/inst/FCLK_CLK0 | design_1_i/top_0/inst/inst_svpwm/time_processor_inst/state         | reset_IBUF                                                          |               63 |            160 |         2.54 |
|  design_1_i/processing_system7_0/inst/FCLK_CLK0 | design_1_i/top_0/inst/inst_svpwm/time_processor_inst/state_reg_0   | reset_IBUF                                                          |               43 |            160 |         3.72 |
|  design_1_i/processing_system7_0/inst/FCLK_CLK0 |                                                                    | reset_IBUF                                                          |              870 |           3201 |         3.68 |
+-------------------------------------------------+--------------------------------------------------------------------+---------------------------------------------------------------------+------------------+----------------+--------------+


