#-----------------------------------------------------------
# Vivado v2024.1 (64-bit)
# SW Build 5076996 on Wed May 22 18:37:14 MDT 2024
# IP Build 5075265 on Wed May 22 21:45:21 MDT 2024
# SharedData Build 5076995 on Wed May 22 18:29:18 MDT 2024
# Start of session at: Thu Jul 17 17:03:59 2025
# Process ID: 21212
# Current directory: C:/Users/Jan/Desktop/SVPWM/svpwm/svpwm/svpwm.runs/impl_1
# Command line: vivado.exe -log svpwm.vdi -applog -product Vivado -messageDb vivado.pb -mode batch -source svpwm.tcl -notrace
# Log file: C:/Users/Jan/Desktop/SVPWM/svpwm/svpwm/svpwm.runs/impl_1/svpwm.vdi
# Journal file: C:/Users/Jan/Desktop/SVPWM/svpwm/svpwm/svpwm.runs/impl_1\vivado.jou
# Running On        :DESKTOP-1FUVVL9
# Platform          :Windows Server 2016 or Windows 10
# Operating System  :19045
# Processor Detail  :Intel(R) Core(TM) i5-10400F CPU @ 2.90GHz
# CPU Frequency     :2904 MHz
# CPU Physical cores:6
# CPU Logical cores :12
# Host memory       :17037 MB
# Swap memory       :14495 MB
# Total Virtual     :31533 MB
# Available Virtual :16527 MB
#-----------------------------------------------------------
source svpwm.tcl -notrace
