
*** Running vivado
    with args -log design_1_processing_system7_0_2.vds -m64 -product Vivado -mode batch -messageDb vivado.pb -notrace -source design_1_processing_system7_0_2.tcl



****** Vivado v2024.1 (64-bit)
  **** SW Build 5076996 on Wed May 22 18:37:14 MDT 2024
  **** IP Build 5075265 on Wed May 22 21:45:21 MDT 2024
  **** SharedData Build 5076995 on Wed May 22 18:29:18 MDT 2024
  **** Start of session at: Mon Oct 27 21:00:09 2025
    ** Copyright 1986-2022 Xilinx, Inc. All Rights Reserved.
    ** Copyright 2022-2024 Advanced Micro Devices, Inc. All Rights Reserved.

source design_1_processing_system7_0_2.tcl -notrace
CRITICAL WARNING: [Common 17-1355] You are suppressing all messages of type 'WARNING'. You may potentially disregard important DRC, CDC, and implementation messages that can negatively impact your design.  If this is not desired, please run 'reset_msg_config -suppress -severity {WARNING}' to undo this change.
CRITICAL WARNING: [Common 17-1355] You are suppressing all messages of type 'CRITICAL WARNING'. You may potentially disregard important DRC, CDC, and implementation messages that can negatively impact your design.  If this is not desired, please run 'reset_msg_config -suppress -severity {CRITICAL WARNING}' to undo this change.
create_project: Time (s): cpu = 00:00:12 ; elapsed = 00:00:13 . Memory (MB): peak = 492.945 ; gain = 199.848
---------------------------------------------------------------------------------
Starting RTL Elaboration : Time (s): cpu = 00:00:10 ; elapsed = 00:00:10 . Memory (MB): peak = 1391.016 ; gain = 446.832
---------------------------------------------------------------------------------
---------------------------------------------------------------------------------
Finished RTL Elaboration : Time (s): cpu = 00:00:13 ; elapsed = 00:00:14 . Memory (MB): peak = 1508.977 ; gain = 564.793
---------------------------------------------------------------------------------
Finished Handling Custom Attributes : Time (s): cpu = 00:00:13 ; elapsed = 00:00:14 . Memory (MB): peak = 1508.977 ; gain = 564.793
Finished RTL Optimization Phase 1 : Time (s): cpu = 00:00:13 ; elapsed = 00:00:14 . Memory (MB): peak = 1508.977 ; gain = 564.793
Netlist sorting complete. Time (s): cpu = 00:00:00 ; elapsed = 00:00:00.046 . Memory (MB): peak = 1508.977 ; gain = 0.000
Netlist sorting complete. Time (s): cpu = 00:00:00 ; elapsed = 00:00:00 . Memory (MB): peak = 1525.184 ; gain = 0.000
Constraint Validation Runtime : Time (s): cpu = 00:00:00 ; elapsed = 00:00:00.044 . Memory (MB): peak = 1526.215 ; gain = 1.031
Finished Constraint Validation : Time (s): cpu = 00:00:28 ; elapsed = 00:00:30 . Memory (MB): peak = 1526.215 ; gain = 582.031
Finished Loading Part and Timing Information : Time (s): cpu = 00:00:28 ; elapsed = 00:00:30 . Memory (MB): peak = 1526.215 ; gain = 582.031
Applied set_property KEEP_HIERARCHY = SOFT for inst. (constraint file  C:/Users/user/Desktop/svpwm_2/SVPWM/svpwm/svpwm/svpwm.runs/design_1_processing_system7_0_2_synth_1/dont_touch.xdc, line 9).
Finished applying 'set_property' XDC Constraints : Time (s): cpu = 00:00:28 ; elapsed = 00:00:30 . Memory (MB): peak = 1526.215 ; gain = 582.031
Finished RTL Optimization Phase 2 : Time (s): cpu = 00:00:29 ; elapsed = 00:00:31 . Memory (MB): peak = 1526.215 ; gain = 582.031
Finished Cross Boundary and Area Optimization : Time (s): cpu = 00:00:32 ; elapsed = 00:00:34 . Memory (MB): peak = 1526.215 ; gain = 582.031
Finished Applying XDC Timing Constraints : Time (s): cpu = 00:00:47 ; elapsed = 00:00:50 . Memory (MB): peak = 1602.473 ; gain = 658.289
Finished Timing Optimization : Time (s): cpu = 00:00:47 ; elapsed = 00:00:50 . Memory (MB): peak = 1622.129 ; gain = 677.945
Finished Technology Mapping : Time (s): cpu = 00:00:47 ; elapsed = 00:00:50 . Memory (MB): peak = 1624.188 ; gain = 680.004
Finished IO Insertion : Time (s): cpu = 00:00:56 ; elapsed = 00:00:59 . Memory (MB): peak = 1638.965 ; gain = 694.781
Finished Renaming Generated Instances : Time (s): cpu = 00:00:56 ; elapsed = 00:00:59 . Memory (MB): peak = 1638.965 ; gain = 694.781
Finished Rebuilding User Hierarchy : Time (s): cpu = 00:00:56 ; elapsed = 00:00:59 . Memory (MB): peak = 1638.965 ; gain = 694.781
Finished Renaming Generated Ports : Time (s): cpu = 00:00:56 ; elapsed = 00:00:59 . Memory (MB): peak = 1638.965 ; gain = 694.781
Finished Handling Custom Attributes : Time (s): cpu = 00:00:56 ; elapsed = 00:00:59 . Memory (MB): peak = 1638.965 ; gain = 694.781
Finished Renaming Generated Nets : Time (s): cpu = 00:00:56 ; elapsed = 00:00:59 . Memory (MB): peak = 1638.965 ; gain = 694.781

Report Cell Usage: 
+------+------+------+
|      |Cell  |Count |
+------+------+------+
|1     |BIBUF |   130|
|2     |BUFG  |     1|
|3     |LUT1  |    24|
|4     |PS7   |     1|
+------+------+------+
Finished Writing Synthesis Report : Time (s): cpu = 00:00:56 ; elapsed = 00:00:59 . Memory (MB): peak = 1638.965 ; gain = 694.781
Netlist sorting complete. Time (s): cpu = 00:00:00 ; elapsed = 00:00:00.030 . Memory (MB): peak = 1638.965 ; gain = 0.000
Netlist sorting complete. Time (s): cpu = 00:00:00 ; elapsed = 00:00:00 . Memory (MB): peak = 1651.770 ; gain = 0.000
synth_design: Time (s): cpu = 00:01:06 ; elapsed = 00:01:11 . Memory (MB): peak = 1651.770 ; gain = 1138.164
Write ShapeDB Complete: Time (s): cpu = 00:00:00 ; elapsed = 00:00:00.012 . Memory (MB): peak = 1651.770 ; gain = 0.000
